<html>
<body>
<pre>
<h1>µVision Build Log</h1>
<h2>Tool Versions:</h2>
IDE-Version: µVision V5.36.0.0
Copyright (C) 2021 ARM Ltd and ARM Germany GmbH. All rights reserved.
License Information: Yuri Yuri Zakharkov, SFU, LIC=----
 
Tool Versions:
Toolchain:       MDK-Lite  Version: 5.36.0.0
Toolchain Path:  C:\Keil_v5\ARM\ARMCC\Bin
C Compiler:      Armcc.exe V5.06 update 7 (build 960)
Assembler:       Armasm.exe V5.06 update 7 (build 960)
Linker/Locator:  ArmLink.exe V5.06 update 7 (build 960)
Library Manager: ArmAr.exe V5.06 update 7 (build 960)
Hex Converter:   FromElf.exe V5.06 update 7 (build 960)
CPU DLL:         SARMCM3.DLL V5.36.0.0
Dialog DLL:      DCM.DLL V1.17.3.0
Target DLL:      STLink\ST-LINKIII-KEIL_SWO.dll V3.0.9.0
Dialog DLL:      TCM.DLL V1.53.0.0
 
<h2>Project:</h2>
C:\Users\zakha\Documents\git\DDNMP_LR\LR5_1\DDnMP_laba_3_exemple.uvprojx
Project File Date:  10/11/2022

<h2>Output:</h2>
*** Using Compiler 'V5.06 update 7 (build 960)', folder: 'C:\Keil_v5\ARM\ARMCC\Bin'
Rebuild target 'Target 1'
assembling startup_stm32f103xb.s...
compiling main.c...
main.h(24): warning:  #1-D: last line of file ends without a newline
  #define NVIC	((NVIC_Type*)NVIC_BASE)   /*!< NVIC configuration struct */
UartUser.h(32): warning:  #1-D: last line of file ends without a newline
  void USART1_RX_Callback(void);
main.c(52): warning:  #167-D: argument of type "char (*)[14]" is incompatible with parameter of type "char *"
          UsartTxIT(USART1, &str, strlen(str));
main.c(124): warning:  #1-D: last line of file ends without a newline
  }
main.c: 4 warnings, 0 errors
compiling UartUser.c...
UartUser.h(32): warning:  #1-D: last line of file ends without a newline
  void USART1_RX_Callback(void);
UartUser.c(72): warning:  #223-D: function "memcpy" declared implicitly
      memcpy(UartUserBufTX, buf, SizeData);
UartUser.c(92): warning:  #223-D: function "round" declared implicitly
      brr_f = (int16_t)(round((brr_d-(double)brr_m)*16));
UartUser.c(111): warning:  #223-D: function "round" declared implicitly
      brr_f = (int16_t)(round((brr_d-(double)brr_m)*16));
UartUser.c(162): warning:  #1-D: last line of file ends without a newline
  }
UartUser.c(8): warning:  #177-D: variable "w"  was declared but never referenced
  static uint16_t w = 1;
UartUser.c(10): warning:  #177-D: variable "d"  was declared but never referenced
  static uint8_t d = 0;
UartUser.c(13): warning:  #550-D: variable "UartRxNum"  was set but never used
  static USART_TypeDef *UartRxNum;
UartUser.c(14): warning:  #177-D: variable "s"  was declared but never referenced
  static uint8_t s;
UartUser.c: 9 warnings, 0 errors
linking...
Program Size: Code=3632 RO-data=268 RW-data=28 ZI-data=1756  
".\Objects\DDnMP_laba_3_exemple.axf" - 0 Error(s), 13 Warning(s).

<h2>Software Packages used:</h2>

Package Vendor: Keil
                http://www.keil.com/pack/Keil.STM32F1xx_DFP.2.4.0.pack
                Keil.STM32F1xx_DFP.2.4.0
                STMicroelectronics STM32F1 Series Device Support, Drivers and Examples

<h2>Collection of Component include folders:</h2>
  C:\Users\zakha\AppData\Local\Arm\Packs\Keil\STM32F1xx_DFP\2.4.0\Device\Include

<h2>Collection of Component Files used:</h2>
Build Time Elapsed:  00:00:01
</pre>
</body>
</html>
